[debug] [2026-05-06T17:50:11.652Z] ----------------------------------------------------------------------
[debug] [2026-05-06T17:50:11.653Z] Command:       /usr/local/bin/node /usr/local/bin/firebase deploy
[debug] [2026-05-06T17:50:11.653Z] CLI Version:   15.16.0
[debug] [2026-05-06T17:50:11.653Z] Platform:      darwin
[debug] [2026-05-06T17:50:11.653Z] Node Version:  v24.15.0
[debug] [2026-05-06T17:50:11.653Z] Time:          Wed May 06 2026 11:50:11 GMT-0600 (Mountain Daylight Time)
[debug] [2026-05-06T17:50:11.653Z] ----------------------------------------------------------------------
[debug] 
[debug] [2026-05-06T17:50:12.225Z] > command requires scopes: ["email","openid","https://www.googleapis.com/auth/cloudplatformprojects.readonly","https://www.googleapis.com/auth/firebase","https://www.googleapis.com/auth/cloud-platform"]
[debug] [2026-05-06T17:50:12.225Z] > authorizing via signed-in user (kellyfarmpool@gmail.com)
[debug] [2026-05-06T17:50:12.225Z] [iam] checking project kelly-farm-pool-status-6bd85 for permissions ["cloudfunctions.functions.create","cloudfunctions.functions.delete","cloudfunctions.functions.get","cloudfunctions.functions.list","cloudfunctions.functions.update","cloudfunctions.operations.get","datastore.indexes.create","datastore.indexes.delete","datastore.indexes.list","datastore.indexes.update","firebase.projects.get","firebasehosting.sites.update"]
[debug] [2026-05-06T17:50:12.226Z] Checked if tokens are valid: true, expires at: 1778093015701
[debug] [2026-05-06T17:50:12.226Z] Checked if tokens are valid: true, expires at: 1778093015701
[debug] [2026-05-06T17:50:12.226Z] >>> [apiv2][query] POST https://cloudresourcemanager.googleapis.com/v1/projects/kelly-farm-pool-status-6bd85:testIamPermissions [none]
[debug] [2026-05-06T17:50:12.226Z] >>> [apiv2][(partial)header] POST https://cloudresourcemanager.googleapis.com/v1/projects/kelly-farm-pool-status-6bd85:testIamPermissions  x-goog-user-project=kelly-farm-pool-status-6bd85
[debug] [2026-05-06T17:50:12.226Z] >>> [apiv2][body] POST https://cloudresourcemanager.googleapis.com/v1/projects/kelly-farm-pool-status-6bd85:testIamPermissions {"permissions":["cloudfunctions.functions.create","cloudfunctions.functions.delete","cloudfunctions.functions.get","cloudfunctions.functions.list","cloudfunctions.functions.update","cloudfunctions.operations.get","datastore.indexes.create","datastore.indexes.delete","datastore.indexes.list","datastore.indexes.update","firebase.projects.get","firebasehosting.sites.update"]}
[debug] [2026-05-06T17:50:12.365Z] <<< [apiv2][status] POST https://cloudresourcemanager.googleapis.com/v1/projects/kelly-farm-pool-status-6bd85:testIamPermissions 200
[debug] [2026-05-06T17:50:12.365Z] <<< [apiv2][body] POST https://cloudresourcemanager.googleapis.com/v1/projects/kelly-farm-pool-status-6bd85:testIamPermissions {"permissions":["cloudfunctions.functions.create","cloudfunctions.functions.delete","cloudfunctions.functions.get","cloudfunctions.functions.list","cloudfunctions.functions.update","cloudfunctions.operations.get","datastore.indexes.create","datastore.indexes.delete","datastore.indexes.list","datastore.indexes.update","firebase.projects.get","firebasehosting.sites.update"]}
[debug] [2026-05-06T17:50:12.366Z] Checked if tokens are valid: true, expires at: 1778093015701
[debug] [2026-05-06T17:50:12.366Z] Checked if tokens are valid: true, expires at: 1778093015701
[debug] [2026-05-06T17:50:12.366Z] >>> [apiv2][query] POST https://iam.googleapis.com/v1/projects/kelly-farm-pool-status-6bd85/serviceAccounts/kelly-farm-pool-status-6bd85@appspot.gserviceaccount.com:testIamPermissions [none]
[debug] [2026-05-06T17:50:12.366Z] >>> [apiv2][body] POST https://iam.googleapis.com/v1/projects/kelly-farm-pool-status-6bd85/serviceAccounts/kelly-farm-pool-status-6bd85@appspot.gserviceaccount.com:testIamPermissions {"permissions":["iam.serviceAccounts.actAs"]}
[debug] [2026-05-06T17:50:12.496Z] <<< [apiv2][status] POST https://iam.googleapis.com/v1/projects/kelly-farm-pool-status-6bd85/serviceAccounts/kelly-farm-pool-status-6bd85@appspot.gserviceaccount.com:testIamPermissions 200
[debug] [2026-05-06T17:50:12.496Z] <<< [apiv2][body] POST https://iam.googleapis.com/v1/projects/kelly-farm-pool-status-6bd85/serviceAccounts/kelly-farm-pool-status-6bd85@appspot.gserviceaccount.com:testIamPermissions {"permissions":["iam.serviceAccounts.actAs"]}
[debug] [2026-05-06T17:50:12.496Z] Checked if tokens are valid: true, expires at: 1778093015701
[debug] [2026-05-06T17:50:12.496Z] Checked if tokens are valid: true, expires at: 1778093015701
[debug] [2026-05-06T17:50:12.497Z] >>> [apiv2][query] GET https://firebase.googleapis.com/v1beta1/projects/kelly-farm-pool-status-6bd85 [none]
[debug] [2026-05-06T17:50:12.659Z] <<< [apiv2][status] GET https://firebase.googleapis.com/v1beta1/projects/kelly-farm-pool-status-6bd85 200
[debug] [2026-05-06T17:50:12.659Z] <<< [apiv2][body] GET https://firebase.googleapis.com/v1beta1/projects/kelly-farm-pool-status-6bd85 {"projectId":"kelly-farm-pool-status-6bd85","projectNumber":"412302688419","displayName":"Kelly Farm Pool Status","name":"projects/kelly-farm-pool-status-6bd85","resources":{"hostingSite":"kelly-farm-pool-status-6bd85"},"state":"ACTIVE","etag":"1_87ec264f-c723-4977-a5a4-f585d4e9153c"}
[info] 
[info] === Deploying to 'kelly-farm-pool-status-6bd85'...
[info] 
[info] i  deploying firestore, functions, hosting 
[info] i  firestore: ensuring required API firestore.googleapis.com is enabled... 
[info] i  firestore: ensuring required API firestore.googleapis.com is enabled... 
[debug] [2026-05-06T17:50:12.663Z] Checked if tokens are valid: true, expires at: 1778093015701
[debug] [2026-05-06T17:50:12.663Z] Checked if tokens are valid: true, expires at: 1778093015701
[debug] [2026-05-06T17:50:12.663Z] >>> [apiv2][query] GET https://firestore.googleapis.com/v1/projects/kelly-farm-pool-status-6bd85/databases/(default) [none]
[debug] [2026-05-06T17:50:12.901Z] <<< [apiv2][status] GET https://firestore.googleapis.com/v1/projects/kelly-farm-pool-status-6bd85/databases/(default) 200
[debug] [2026-05-06T17:50:12.901Z] <<< [apiv2][body] GET https://firestore.googleapis.com/v1/projects/kelly-farm-pool-status-6bd85/databases/(default) {"name":"projects/kelly-farm-pool-status-6bd85/databases/(default)","uid":"561d11f0-7553-4152-9dbd-5e2ee092eab4","createTime":"2026-05-06T17:27:16.976388Z","updateTime":"2026-05-06T17:27:16.976388Z","locationId":"nam5","type":"FIRESTORE_NATIVE","concurrencyMode":"PESSIMISTIC","versionRetentionPeriod":"3600s","earliestVersionTime":"2026-05-06T17:27:16.976388Z","appEngineIntegrationMode":"DISABLED","keyPrefix":"s","pointInTimeRecoveryEnablement":"POINT_IN_TIME_RECOVERY_DISABLED","deleteProtectionState":"DELETE_PROTECTION_DISABLED","databaseEdition":"STANDARD","freeTier":true,"realtimeUpdatesMode":"REALTIME_UPDATES_MODE_ENABLED","etag":"IOH6tN2cpZQDMOW9mNCXpZQD"}
[info] i  cloud.firestore: checking firestore.rules for compilation errors... 
[debug] [2026-05-06T17:50:12.902Z] Checked if tokens are valid: true, expires at: 1778093015701
[debug] [2026-05-06T17:50:12.902Z] Checked if tokens are valid: true, expires at: 1778093015701
[debug] [2026-05-06T17:50:12.902Z] >>> [apiv2][query] POST https://firebaserules.googleapis.com/v1/projects/kelly-farm-pool-status-6bd85:test [none]
[debug] [2026-05-06T17:50:12.902Z] >>> [apiv2][body] POST https://firebaserules.googleapis.com/v1/projects/kelly-farm-pool-status-6bd85:test [omitted]
[debug] [2026-05-06T17:50:13.023Z] <<< [apiv2][status] POST https://firebaserules.googleapis.com/v1/projects/kelly-farm-pool-status-6bd85:test 200
[debug] [2026-05-06T17:50:13.024Z] <<< [apiv2][body] POST https://firebaserules.googleapis.com/v1/projects/kelly-farm-pool-status-6bd85:test {}
[info] ✔  cloud.firestore: rules file firestore.rules compiled successfully 
[debug] [2026-05-06T17:50:13.025Z] Checked if tokens are valid: true, expires at: 1778093015701
[debug] [2026-05-06T17:50:13.025Z] Checked if tokens are valid: true, expires at: 1778093015701
[debug] [2026-05-06T17:50:13.026Z] >>> [apiv2][query] GET https://cloudresourcemanager.googleapis.com/v1/projects/kelly-farm-pool-status-6bd85 [none]
[debug] [2026-05-06T17:50:13.077Z] <<< [apiv2][status] GET https://cloudresourcemanager.googleapis.com/v1/projects/kelly-farm-pool-status-6bd85 200
[debug] [2026-05-06T17:50:13.077Z] <<< [apiv2][body] GET https://cloudresourcemanager.googleapis.com/v1/projects/kelly-farm-pool-status-6bd85 {"projectNumber":"412302688419","projectId":"kelly-farm-pool-status-6bd85","lifecycleState":"ACTIVE","name":"Kelly Farm Pool Status","labels":{"firebase":"enabled","firebase-core":"disabled"},"createTime":"2026-05-06T17:16:46.411Z"}
[info] i  functions: preparing codebase default for deployment 
[info] i  functions: ensuring required API cloudfunctions.googleapis.com is enabled... 
[info] i  functions: ensuring required API cloudbuild.googleapis.com is enabled... 
[debug] [2026-05-06T17:50:13.079Z] Checked if tokens are valid: true, expires at: 1778093015701
[debug] [2026-05-06T17:50:13.079Z] Checked if tokens are valid: true, expires at: 1778093015701
[info] i  artifactregistry: ensuring required API artifactregistry.googleapis.com is enabled... 
[debug] [2026-05-06T17:50:13.079Z] Checked if tokens are valid: true, expires at: 1778093015701
[debug] [2026-05-06T17:50:13.079Z] Checked if tokens are valid: true, expires at: 1778093015701
[debug] [2026-05-06T17:50:13.079Z] >>> [apiv2][query] GET https://serviceusage.googleapis.com/v1/projects/kelly-farm-pool-status-6bd85/services/cloudbuild.googleapis.com [none]
[debug] [2026-05-06T17:50:13.079Z] >>> [apiv2][(partial)header] GET https://serviceusage.googleapis.com/v1/projects/kelly-farm-pool-status-6bd85/services/cloudbuild.googleapis.com  x-goog-user-project=kelly-farm-pool-status-6bd85
[debug] [2026-05-06T17:50:13.080Z] >>> [apiv2][query] GET https://serviceusage.googleapis.com/v1/projects/kelly-farm-pool-status-6bd85/services/artifactregistry.googleapis.com [none]
[debug] [2026-05-06T17:50:13.080Z] >>> [apiv2][(partial)header] GET https://serviceusage.googleapis.com/v1/projects/kelly-farm-pool-status-6bd85/services/artifactregistry.googleapis.com  x-goog-user-project=kelly-farm-pool-status-6bd85
[debug] [2026-05-06T17:50:13.258Z] <<< [apiv2][status] GET https://serviceusage.googleapis.com/v1/projects/kelly-farm-pool-status-6bd85/services/cloudbuild.googleapis.com 200
[debug] [2026-05-06T17:50:13.258Z] <<< [apiv2][body] GET https://serviceusage.googleapis.com/v1/projects/kelly-farm-pool-status-6bd85/services/cloudbuild.googleapis.com [omitted]
[warn] ⚠  functions: missing required API cloudbuild.googleapis.com. Enabling now... 
[debug] [2026-05-06T17:50:13.258Z] Checked if tokens are valid: true, expires at: 1778093015701
[debug] [2026-05-06T17:50:13.259Z] Checked if tokens are valid: true, expires at: 1778093015701
[debug] [2026-05-06T17:50:13.259Z] >>> [apiv2][query] POST https://serviceusage.googleapis.com/v1/projects/kelly-farm-pool-status-6bd85/services/cloudbuild.googleapis.com:enable [none]
[debug] [2026-05-06T17:50:13.259Z] >>> [apiv2][(partial)header] POST https://serviceusage.googleapis.com/v1/projects/kelly-farm-pool-status-6bd85/services/cloudbuild.googleapis.com:enable  x-goog-user-project=kelly-farm-pool-status-6bd85
[debug] [2026-05-06T17:50:13.566Z] <<< [apiv2][status] POST https://serviceusage.googleapis.com/v1/projects/kelly-farm-pool-status-6bd85/services/cloudbuild.googleapis.com:enable 200
[debug] [2026-05-06T17:50:13.566Z] <<< [apiv2][body] POST https://serviceusage.googleapis.com/v1/projects/kelly-farm-pool-status-6bd85/services/cloudbuild.googleapis.com:enable [omitted]
[debug] [2026-05-06T17:50:13.656Z] <<< [apiv2][status] GET https://serviceusage.googleapis.com/v1/projects/kelly-farm-pool-status-6bd85/services/artifactregistry.googleapis.com 200
[debug] [2026-05-06T17:50:13.657Z] <<< [apiv2][body] GET https://serviceusage.googleapis.com/v1/projects/kelly-farm-pool-status-6bd85/services/artifactregistry.googleapis.com [omitted]
[warn] ⚠  artifactregistry: missing required API artifactregistry.googleapis.com. Enabling now... 
[debug] [2026-05-06T17:50:13.657Z] Checked if tokens are valid: true, expires at: 1778093015701
[debug] [2026-05-06T17:50:13.657Z] Checked if tokens are valid: true, expires at: 1778093015701
[debug] [2026-05-06T17:50:13.657Z] >>> [apiv2][query] POST https://serviceusage.googleapis.com/v1/projects/kelly-farm-pool-status-6bd85/services/artifactregistry.googleapis.com:enable [none]
[debug] [2026-05-06T17:50:13.657Z] >>> [apiv2][(partial)header] POST https://serviceusage.googleapis.com/v1/projects/kelly-farm-pool-status-6bd85/services/artifactregistry.googleapis.com:enable  x-goog-user-project=kelly-farm-pool-status-6bd85
[debug] [2026-05-06T17:50:13.894Z] <<< [apiv2][status] POST https://serviceusage.googleapis.com/v1/projects/kelly-farm-pool-status-6bd85/services/artifactregistry.googleapis.com:enable 200
[debug] [2026-05-06T17:50:13.894Z] <<< [apiv2][body] POST https://serviceusage.googleapis.com/v1/projects/kelly-farm-pool-status-6bd85/services/artifactregistry.googleapis.com:enable [omitted]
[debug] [2026-05-06T17:50:23.903Z] Checked if tokens are valid: true, expires at: 1778093015701
[debug] [2026-05-06T17:50:23.904Z] Checked if tokens are valid: true, expires at: 1778093015701
[debug] [2026-05-06T17:50:23.904Z] >>> [apiv2][query] GET https://firebase.googleapis.com/v1beta1/projects/kelly-farm-pool-status-6bd85/adminSdkConfig [none]
[debug] [2026-05-06T17:50:24.060Z] <<< [apiv2][status] GET https://firebase.googleapis.com/v1beta1/projects/kelly-farm-pool-status-6bd85/adminSdkConfig 200
[debug] [2026-05-06T17:50:24.060Z] <<< [apiv2][body] GET https://firebase.googleapis.com/v1beta1/projects/kelly-farm-pool-status-6bd85/adminSdkConfig {"projectId":"kelly-farm-pool-status-6bd85","storageBucket":"kelly-farm-pool-status-6bd85.firebasestorage.app"}
[debug] [2026-05-06T17:50:24.061Z] Checked if tokens are valid: true, expires at: 1778093015701
[debug] [2026-05-06T17:50:24.061Z] Checked if tokens are valid: true, expires at: 1778093015701
[debug] [2026-05-06T17:50:24.061Z] >>> [apiv2][query] GET https://runtimeconfig.googleapis.com/v1beta1/projects/kelly-farm-pool-status-6bd85/configs [none]
[debug] [2026-05-06T17:50:24.163Z] <<< [apiv2][status] GET https://runtimeconfig.googleapis.com/v1beta1/projects/kelly-farm-pool-status-6bd85/configs 200
[debug] [2026-05-06T17:50:24.163Z] <<< [apiv2][body] GET https://runtimeconfig.googleapis.com/v1beta1/projects/kelly-farm-pool-status-6bd85/configs {}
[debug] [2026-05-06T17:50:24.165Z] Validating nodejs source
[warn] ⚠  functions: Runtime Node.js 20 was deprecated on 2026-04-30 and will be decommissioned on 2026-10-30, after which you will not be able to deploy without upgrading. Consider upgrading now to avoid disruption. See https://cloud.google.com/functions/docs/runtime-support for full details on the lifecycle policy 
[warn] ⚠  functions: Couldn't find firebase-functions package in your source code. Have you run 'npm install'? 
[debug] [2026-05-06T17:50:24.167Z] getFunctionsSDKVersion encountered error: Cannot find module 'firebase-functions'
Require stack:
- /usr/local/lib/node_modules/firebase-tools/lib/deploy/functions/runtimes/node/versioning.js
- /usr/local/lib/node_modules/firebase-tools/lib/deploy/functions/runtimes/node/index.js
- /usr/local/lib/node_modules/firebase-tools/lib/deploy/functions/runtimes/index.js
- /usr/local/lib/node_modules/firebase-tools/lib/deploy/functions/prepare.js
- /usr/local/lib/node_modules/firebase-tools/lib/emulator/functionsEmulatorShared.js
- /usr/local/lib/node_modules/firebase-tools/lib/frameworks/index.js
- /usr/local/lib/node_modules/firebase-tools/lib/deploy/hosting/prepare.js
- /usr/local/lib/node_modules/firebase-tools/lib/deploy/hosting/index.js
- /usr/local/lib/node_modules/firebase-tools/lib/deploy/index.js
- /usr/local/lib/node_modules/firebase-tools/lib/commands/deploy.js
- /usr/local/lib/node_modules/firebase-tools/lib/commands/index.js
- /usr/local/lib/node_modules/firebase-tools/lib/index.js
- /usr/local/lib/node_modules/firebase-tools/lib/bin/cli.js
- /usr/local/lib/node_modules/firebase-tools/lib/bin/firebase.js {"code":"MODULE_NOT_FOUND","requireStack":["/usr/local/lib/node_modules/firebase-tools/lib/deploy/functions/runtimes/node/versioning.js","/usr/local/lib/node_modules/firebase-tools/lib/deploy/functions/runtimes/node/index.js","/usr/local/lib/node_modules/firebase-tools/lib/deploy/functions/runtimes/index.js","/usr/local/lib/node_modules/firebase-tools/lib/deploy/functions/prepare.js","/usr/local/lib/node_modules/firebase-tools/lib/emulator/functionsEmulatorShared.js","/usr/local/lib/node_modules/firebase-tools/lib/frameworks/index.js","/usr/local/lib/node_modules/firebase-tools/lib/deploy/hosting/prepare.js","/usr/local/lib/node_modules/firebase-tools/lib/deploy/hosting/index.js","/usr/local/lib/node_modules/firebase-tools/lib/deploy/index.js","/usr/local/lib/node_modules/firebase-tools/lib/commands/deploy.js","/usr/local/lib/node_modules/firebase-tools/lib/commands/index.js","/usr/local/lib/node_modules/firebase-tools/lib/index.js","/usr/local/lib/node_modules/firebase-tools/lib/bin/cli.js","/usr/local/lib/node_modules/firebase-tools/lib/bin/firebase.js"]}
[debug] [2026-05-06T17:50:24.170Z] checkFunctionsSDKVersion encountered error: Invalid Version:  {}
[debug] [2026-05-06T17:50:24.171Z] > [functions] package.json contents: {
  "name": "pool-status-functions",
  "description": "Cloud Functions: notify subscribers when pool status changes",
  "engines": {
    "node": "20"
  },
  "main": "index.js",
  "private": true,
  "dependencies": {
    "firebase-admin": "^12.4.0",
    "firebase-functions": "^5.0.0"
  }
}
[debug] [2026-05-06T17:50:24.171Z] Building nodejs source
[info] i  functions: Loading and analyzing source code for codebase default to determine what to deploy 
[debug] [2026-05-06T17:50:24.171Z] Could not parse firebase-functions version '' into semver.
[debug] [2026-05-06T17:50:24.172Z] Could not find functions.yaml. Must use http discovery
[debug] [2026-05-06T17:50:24.231Z] Error: Cannot find module 'firebase-functions'
Require stack:
- /usr/local/lib/node_modules/firebase-tools/lib/deploy/functions/runtimes/node/index.js
- /usr/local/lib/node_modules/firebase-tools/lib/deploy/functions/runtimes/index.js
- /usr/local/lib/node_modules/firebase-tools/lib/deploy/functions/prepare.js
- /usr/local/lib/node_modules/firebase-tools/lib/emulator/functionsEmulatorShared.js
- /usr/local/lib/node_modules/firebase-tools/lib/frameworks/index.js
- /usr/local/lib/node_modules/firebase-tools/lib/deploy/hosting/prepare.js
- /usr/local/lib/node_modules/firebase-tools/lib/deploy/hosting/index.js
- /usr/local/lib/node_modules/firebase-tools/lib/deploy/index.js
- /usr/local/lib/node_modules/firebase-tools/lib/commands/deploy.js
- /usr/local/lib/node_modules/firebase-tools/lib/commands/index.js
- /usr/local/lib/node_modules/firebase-tools/lib/index.js
- /usr/local/lib/node_modules/firebase-tools/lib/bin/cli.js
- /usr/local/lib/node_modules/firebase-tools/lib/bin/firebase.js
    at Module._resolveFilename (node:internal/modules/cjs/loader:1476:15)
    at wrapResolveFilename (node:internal/modules/cjs/loader:1049:27)
    at resolveForCJSWithHooks (node:internal/modules/cjs/loader:1094:12)
    at require.resolve (node:internal/modules/helpers:171:31)
    at Delegate.findFunctionsBinary (/usr/local/lib/node_modules/firebase-tools/lib/deploy/functions/runtimes/node/index.js:101:33)
    at Delegate.spawnFunctionsProcess (/usr/local/lib/node_modules/firebase-tools/lib/deploy/functions/runtimes/node/index.js:131:30)
    at Delegate.serveAdmin (/usr/local/lib/node_modules/firebase-tools/lib/deploy/functions/runtimes/node/index.js:152:35)
    at Delegate.discoverBuild (/usr/local/lib/node_modules/firebase-tools/lib/deploy/functions/runtimes/node/index.js:192:41)
    at process.processTicksAndRejections (node:internal/process/task_queues:104:5)
    at async loadCodebases (/usr/local/lib/node_modules/firebase-tools/lib/deploy/functions/prepare.js:386:33)
[error] 
[error] Error: An unexpected error has occurred.
